S D:\23cs170\Lab1> npx ntl init      

No git remote was found, would you like to set one up?

It is recommended that you initialize a project that has a remote repository in GitHub.

This will allow for Netlify Continuous deployment to build branch & PR previews.

For more details on Netlify CI check out the docs: http://bit.ly/2N0Jhy5

? Do you want to create a Netlify project without a git repository? Yes, create and deploy project manually
? Team: swashti-23cs170â€™s team
? Project name (leave blank for a random name; you can change it later): 

Project Created

Admin URL:  https://app.netlify.com/projects/curious-sprinkles-631a30
URL:        https://curious-sprinkles-631a30.netlify.app
Project ID: d9ca37c3-f5c2-4d2a-bb72-abdf83eef0fd

âœ” Linked to curious-sprinkles-631a30
"curious-sprinkles-631a30" project was created

? Do you want to configure build settings? We'll suggest settings for your project automatically Yes
We detected that you're using Vite. Below are recommended build settings.
For each setting, press Enter to accept the default or provide your own value.

? Your build command (hugo build/yarn run build/etc): npm run build
? Directory to deploy (blank for current dir): dist
? No netlify.toml detected. Would you like to create one with these build settings? Yes

To deploy to this project, run npx netlify deploy.
PS D:\23cs170\Lab1> npx netlify deploy

Netlify Build
â”€â”€â”€â”€â”€â”€â”€â”€â”€â”€â”€â”€â”€â”€â”€â”€â”€â”€â”€â”€â”€â”€â”€â”€â”€â”€â”€â”€â”€â”€â”€â”€â”€â”€â”€â”€â”€â”€â”€â”€â”€â”€â”€â”€â”€â”€â”€â”€â”€â”€â”€â”€â”€â”€â”€â”€â”€â”€â”€â”€â”€â”€â”€â”€

â¯ Version
  @netlify/build 35.5.13

â¯ Flags
  accountId: 69819c576f954d8a0cde95ee
  deployId: 6981a4c7df70e790c3523907

â¯ Current directory
  D:\23cs170\Lab1

â¯ Config file
  D:\23cs170\Lab1\netlify.toml

â¯ Context
  production

build.command from netlify.toml
â”€â”€â”€â”€â”€â”€â”€â”€â”€â”€â”€â”€â”€â”€â”€â”€â”€â”€â”€â”€â”€â”€â”€â”€â”€â”€â”€â”€â”€â”€â”€â”€â”€â”€â”€â”€â”€â”€â”€â”€â”€â”€â”€â”€â”€â”€â”€â”€â”€â”€â”€â”€â”€â”€â”€â”€â”€â”€â”€â”€â”€â”€â”€â”€

$ npm run build

> lab1@0.0.0 build
> vite build

vite v7.3.1 building client environment for production...
âœ“ 30 modules transformed.
dist/index.html                   0.45 kB â”‚ gzip:  0.29 kB
dist/assets/index-COcDBgFa.css    1.38 kB â”‚ gzip:  0.70 kB
dist/assets/index-DVKFDyvS.js   193.42 kB â”‚ gzip: 60.75 kB
âœ“ built in 610ms

(build.command completed in 1.1s)

Functions bundling
â”€â”€â”€â”€â”€â”€â”€â”€â”€â”€â”€â”€â”€â”€â”€â”€â”€â”€â”€â”€â”€â”€â”€â”€â”€â”€â”€â”€â”€â”€â”€â”€â”€â”€â”€â”€â”€â”€â”€â”€â”€â”€â”€â”€â”€â”€â”€â”€â”€â”€â”€â”€â”€â”€â”€â”€â”€â”€â”€â”€â”€â”€â”€â”€

The Netlify Functions setting targets a non-existing directory: netlify\functions

(Functions bundling completed in 1ms)

Deploying to Netlify
â”€â”€â”€â”€â”€â”€â”€â”€â”€â”€â”€â”€â”€â”€â”€â”€â”€â”€â”€â”€â”€â”€â”€â”€â”€â”€â”€â”€â”€â”€â”€â”€â”€â”€â”€â”€â”€â”€â”€â”€â”€â”€â”€â”€â”€â”€â”€â”€â”€â”€â”€â”€â”€â”€â”€â”€â”€â”€â”€â”€â”€â”€â”€â”€

Deploy path:        D:\23cs170\Lab1\dist
Functions path:     D:\23cs170\Lab1\netlify\functions
Configuration path: D:\23cs170\Lab1\netlify.toml

Functions folder "D:\23cs170\Lab1\netlify\functions" specified but it doesn't exist! Will proceed without deploying functions
âœ” Finished uploading blobs to deploy store                                                                                                           
âœ” No cached functions were found
âœ” Finished hashing
âœ” CDN requesting 1 files
âœ” Finished uploading 1 assets
âœ” Deploy is live!

Netlify Build Complete
â”€â”€â”€â”€â”€â”€â”€â”€â”€â”€â”€â”€â”€â”€â”€â”€â”€â”€â”€â”€â”€â”€â”€â”€â”€â”€â”€â”€â”€â”€â”€â”€â”€â”€â”€â”€â”€â”€â”€â”€â”€â”€â”€â”€â”€â”€â”€â”€â”€â”€â”€â”€â”€â”€â”€â”€â”€â”€â”€â”€â”€â”€â”€â”€

(Netlify Build completed in 5.4s)

ðŸš€ Deploy complete
â”€â”€â”€â”€â”€â”€â”€â”€â”€â”€â”€â”€â”€â”€â”€â”€â”€â”€â”€â”€â”€â”€â”€â”€â”€â”€â”€â”€â”€â”€â”€â”€â”€â”€â”€â”€â”€â”€â”€â”€â”€â”€â”€â”€â”€â”€â”€â”€â”€â”€â”€â”€â”€â”€â”€â”€â”€â”€â”€â”€â”€â”€â”€â”€

   â•­â”€â”€â”€â”€â”€â”€â”€â”€â”€â”€â”€â”€â”€â”€â”€â”€â”€â”€â”€â”€â”€â”€â”€â”€â”€â”€â”€â”€â”€â”€â”€â”€â”€ â¬¥  Draft deploy is live â¬¥â€‰ â”€â”€â”€â”€â”€â”€â”€â”€â”€â”€â”€â”€â”€â”€â”€â”€â”€â”€â”€â”€â”€â”€â”€â”€â”€â”€â”€â”€â”€â”€â”€â”€â”€â•®
   â”‚                                                                                              â”‚
   â”‚   Deployed draft to https://6981a4c7df70e790c3523907--curious-sprinkles-631a30.netlify.app   â”‚
   â”‚                                                                                              â”‚
   â•°â”€â”€â”€â”€â”€â”€â”€â”€â”€â”€â”€â”€â”€â”€â”€â”€â”€â”€â”€â”€â”€â”€â”€â”€â”€â”€â”€â”€â”€â”€â”€â”€â”€â”€â”€â”€â”€â”€â”€â”€â”€â”€â”€â”€â”€â”€â”€â”€â”€â”€â”€â”€â”€â”€â”€â”€â”€â”€â”€â”€â”€â”€â”€â”€â”€â”€â”€â”€â”€â”€â”€â”€â”€â”€â”€â”€â”€â”€â”€â”€â”€â”€â”€â”€â”€â”€â”€â”€â”€â”€â”€â”€â”€â”€â•¯

Build logs:         https://app.netlify.com/projects/curious-sprinkles-631a30/deploys/6981a4c7df70e790c3523907
Function logs:      https://app.netlify.com/projects/curious-sprinkles-631a30/logs/functions?scope=deploy:6981a4c7df70e790c3523907
Edge function Logs: https://app.netlify.com/projects/curious-sprinkles-631a30/logs/edge-functions?scope=deployid:6981a4c7df70e790c3523907

If everything looks good on your draft URL, deploy it to your main project URL with the --prod flag:
netlify deploy --prod

PS D:\23cs170\Lab1> netlify deploy --prod
netlify : The term 'netlify' is not recognized as the name of a cmdlet, function, script file, or operable program. Check the spelling of the name, 
or if a path was included, verify that the path is correct and try again.
At line:1 char:1
+ netlify deploy --prod
+ ~~~~~~~
    + CategoryInfo          : ObjectNotFound: (netlify:String) [], CommandNotFoundException
    + FullyQualifiedErrorId : CommandNotFoundException

PS D:\23cs170\Lab1> npx netlify deploy --prod

Netlify Build
â”€â”€â”€â”€â”€â”€â”€â”€â”€â”€â”€â”€â”€â”€â”€â”€â”€â”€â”€â”€â”€â”€â”€â”€â”€â”€â”€â”€â”€â”€â”€â”€â”€â”€â”€â”€â”€â”€â”€â”€â”€â”€â”€â”€â”€â”€â”€â”€â”€â”€â”€â”€â”€â”€â”€â”€â”€â”€â”€â”€â”€â”€â”€â”€

â¯ Version
  @netlify/build 35.5.13

â¯ Flags
  accountId: 69819c576f954d8a0cde95ee
  deployId: 6981a4eb77cccb8f861dbbb9

â¯ Current directory
  D:\23cs170\Lab1

â¯ Config file
  D:\23cs170\Lab1\netlify.toml

â¯ Context
  production

build.command from netlify.toml
â”€â”€â”€â”€â”€â”€â”€â”€â”€â”€â”€â”€â”€â”€â”€â”€â”€â”€â”€â”€â”€â”€â”€â”€â”€â”€â”€â”€â”€â”€â”€â”€â”€â”€â”€â”€â”€â”€â”€â”€â”€â”€â”€â”€â”€â”€â”€â”€â”€â”€â”€â”€â”€â”€â”€â”€â”€â”€â”€â”€â”€â”€â”€â”€

$ npm run build

> lab1@0.0.0 build
> vite build

vite v7.3.1 building client environment for production...
âœ“ 30 modules transformed.
dist/index.html                   0.45 kB â”‚ gzip:  0.29 kB
dist/assets/index-COcDBgFa.css    1.38 kB â”‚ gzip:  0.70 kB
dist/assets/index-DVKFDyvS.js   193.42 kB â”‚ gzip: 60.75 kB
âœ“ built in 576ms

(build.command completed in 1s)

Functions bundling
â”€â”€â”€â”€â”€â”€â”€â”€â”€â”€â”€â”€â”€â”€â”€â”€â”€â”€â”€â”€â”€â”€â”€â”€â”€â”€â”€â”€â”€â”€â”€â”€â”€â”€â”€â”€â”€â”€â”€â”€â”€â”€â”€â”€â”€â”€â”€â”€â”€â”€â”€â”€â”€â”€â”€â”€â”€â”€â”€â”€â”€â”€â”€â”€

The Netlify Functions setting targets a non-existing directory: netlify\functions

(Functions bundling completed in 2ms)

Deploying to Netlify
â”€â”€â”€â”€â”€â”€â”€â”€â”€â”€â”€â”€â”€â”€â”€â”€â”€â”€â”€â”€â”€â”€â”€â”€â”€â”€â”€â”€â”€â”€â”€â”€â”€â”€â”€â”€â”€â”€â”€â”€â”€â”€â”€â”€â”€â”€â”€â”€â”€â”€â”€â”€â”€â”€â”€â”€â”€â”€â”€â”€â”€â”€â”€â”€

Deploy path:        D:\23cs170\Lab1\dist
Functions path:     D:\23cs170\Lab1\netlify\functions
Configuration path: D:\23cs170\Lab1\netlify.toml

Functions folder "D:\23cs170\Lab1\netlify\functions" specified but it doesn't exist! Will proceed without deploying functions
âœ” Finished uploading blobs to deploy store                                                                                                           
âœ” No cached functions were found
âœ” Finished hashing
âœ” CDN requesting 0 files
âœ” Finished uploading 0 assets
âœ” Deploy is live!

Netlify Build Complete
â”€â”€â”€â”€â”€â”€â”€â”€â”€â”€â”€â”€â”€â”€â”€â”€â”€â”€â”€â”€â”€â”€â”€â”€â”€â”€â”€â”€â”€â”€â”€â”€â”€â”€â”€â”€â”€â”€â”€â”€â”€â”€â”€â”€â”€â”€â”€â”€â”€â”€â”€â”€â”€â”€â”€â”€â”€â”€â”€â”€â”€â”€â”€â”€

(Netlify Build completed in 4.9s)

ðŸš€ Deploy complete
â”€â”€â”€â”€â”€â”€â”€â”€â”€â”€â”€â”€â”€â”€â”€â”€â”€â”€â”€â”€â”€â”€â”€â”€â”€â”€â”€â”€â”€â”€â”€â”€â”€â”€â”€â”€â”€â”€â”€â”€â”€â”€â”€â”€â”€â”€â”€â”€â”€â”€â”€â”€â”€â”€â”€â”€â”€â”€â”€â”€â”€â”€â”€â”€

   â•­â”€â”€â”€â”€â”€â”€â”€â”€â”€â”€â”€â”€â”€â”€â”€â”€â”€â”€â”€â”€â”€â”€â”€â”€â”€â”€â”€â”€â”€â”€â”€â”€â”€ â¬¥  Production deploy is live â¬¥â€‰ â”€â”€â”€â”€â”€â”€â”€â”€â”€â”€â”€â”€â”€â”€â”€â”€â”€â”€â”€â”€â”€â”€â”€â”€â”€â”€â”€â”€â”€â”€â”€â”€â”€â•®
   â”‚                                                                                                   â”‚
   â”‚             Deployed to production URL: https://curious-sprinkles-631a30.netlify.app              â”‚
   â”‚                                                                                                   â”‚
   â”‚       Unique deploy URL: https://6981a4eb77cccb8f861dbbb9--curious-sprinkles-631a30.netlify.app   â”‚
   â”‚                                                                                                   â”‚
   â•°â”€â”€â”€â”€â”€â”€â”€â”€â”€â”€â”€â”€â”€â”€â”€â”€â”€â”€â”€â”€â”€â”€â”€â”€â”€â”€â”€â”€â”€â”€â”€â”€â”€â”€â”€â”€â”€â”€â”€â”€â”€â”€â”€â”€â”€â”€â”€â”€â”€â”€â”€â”€â”€â”€â”€â”€â”€â”€â”€â”€â”€â”€â”€â”€â”€â”€â”€â”€â”€â”€â”€â”€â”€â”€â”€â”€â”€â”€â”€â”€â”€â”€â”€â”€â”€â”€â”€â”€â”€â”€â”€â”€â”€â”€â”€â”€â”€â”€â”€â•¯

Build logs:         https://app.netlify.com/projects/curious-sprinkles-631a30/deploys/6981a4eb77cccb8f861dbbb9
Function logs:      https://app.netlify.com/projects/curious-sprinkles-631a30/logs/functions
Edge function Logs: https://app.netlify.com/projects/curious-sprinkles-631a30/logs/edge-functions
PS D:\23cs170\Lab1> npm create vite@latest

> lab1@0.0.0 npx
> create-vite

â”‚
â—‡  Project name:
â”‚  Lab2
â”‚
â–   Package name:
â”‚  lab2
â”‚
â””  Operation cancelled

PS D:\23cs170\Lab1> cd ..
PS D:\23cs170> npm create vite@latest 

> npx
> create-vite

â”‚
â—‡  Project name:
â”‚  Lab2
â”‚
â—‡  Package name:
â”‚  lab2
â”‚
â—‡  Select a framework:
â”‚  React
â”‚
â—‡  Select a variant:
â”‚  JavaScript
â”‚
â—‡  Use rolldown-vite (Experimental)?:
â”‚  No
â”‚
â—‡  Install with npm and start now?
â”‚  Yes
â”‚
â—‡  Scaffolding project in D:\23cs170\Lab2...
â”‚
â—‡  Installing dependencies with npm...

added 157 packages, and audited 158 packages in 8s

33 packages are looking for funding
  run `npm fund` for details

found 0 vulnerabilities
â”‚
â—‡  Starting dev server...

> lab2@0.0.0 dev
> vite


  VITE v7.3.1  ready in 286 ms

  âžœ  Local:   http://localhost:5173/
  âžœ  Network: use --host to expose
  âžœ  press h + enter to show help
1:08:45 pm [vite] Internal server error: Failed to resolve import "prop-types" from "src/Header.jsx". Does the file exist?
  Plugin: vite:import-analysis
  File: D:/23cs170/Lab2/src/Header.jsx:2:22
  1  |  import { jsxDEV } from "react/jsx-dev-runtime";
  2  |  import PropTypes from "prop-types";
     |                         ^
  3  |  const Header = ({ title }) => {
  4  |    return /* @__PURE__ */ jsxDEV("header", { children: /* @__PURE__ */ jsxDEV("h1", { children: title }, void 0, false, {
      at TransformPluginContext._formatLog (file:///D:/23cs170/Lab2/node_modules/vite/dist/node/chunks/config.js:28999:43)
      at TransformPluginContext.error (file:///D:/23cs170/Lab2/node_modules/vite/dist/node/chunks/config.js:28996:14)
      at normalizeUrl (file:///D:/23cs170/Lab2/node_modules/vite/dist/node/chunks/config.js:27119:18)
      at process.processTicksAndRejections (node:internal/process/task_queues:105:5)
      at async file:///D:/23cs170/Lab2/node_modules/vite/dist/node/chunks/config.js:27177:32
      at async Promise.all (index 1)
      at async TransformPluginContext.transform (file:///D:/23cs170/Lab2/node_modules/vite/dist/node/chunks/config.js:27145:4)
      at async EnvironmentPluginContainer.transform (file:///D:/23cs170/Lab2/node_modules/vite/dist/node/chunks/config.js:28797:14)
      at async loadAndTransform (file:///D:/23cs170/Lab2/node_modules/vite/dist/node/chunks/config.js:22670:26)
1:08:45 pm [vite] (client) Pre-transform error: Failed to resolve import "prop-types" from "src/Header.jsx". Does the file exist?
  Plugin: vite:import-analysis
  File: D:/23cs170/Lab2/src/Header.jsx:2:22
  1  |  import { jsxDEV } from "react/jsx-dev-runtime";
  2  |  import PropTypes from "prop-types";
     |                         ^
  3  |  const Header = ({ title }) => {
  4  |    return /* @__PURE__ */ jsxDEV("header", { children: /* @__PURE__ */ jsxDEV("h1", { children: title }, void 0, false, {
1:08:45 pm [vite] Internal server error: Failed to resolve import "prop-types" from "src/Footer.jsx". Does the file exist?
  Plugin: vite:import-analysis
  File: D:/23cs170/Lab2/src/Footer.jsx:1:22
  1  |  import { jsxDEV } from "react/jsx-dev-runtime";
  2  |  import PropTypes from "prop-types";
     |                         ^
  3  |  const Footer = ({ copyright }) => {
  4  |    return /* @__PURE__ */ jsxDEV("footer", { children: /* @__PURE__ */ jsxDEV("p", { children: copyright }, void 0, fa...
      at TransformPluginContext._formatLog (file:///D:/23cs170/Lab2/node_modules/vite/dist/node/chunks/config.js:28999:43)
      at TransformPluginContext.error (file:///D:/23cs170/Lab2/node_modules/vite/dist/node/chunks/config.js:28996:14)
      at normalizeUrl (file:///D:/23cs170/Lab2/node_modules/vite/dist/node/chunks/config.js:27119:18)
      at process.processTicksAndRejections (node:internal/process/task_queues:105:5)
      at async file:///D:/23cs170/Lab2/node_modules/vite/dist/node/chunks/config.js:27177:32
      at async Promise.all (index 1)
      at async TransformPluginContext.transform (file:///D:/23cs170/Lab2/node_modules/vite/dist/node/chunks/config.js:27145:4)
      at async EnvironmentPluginContainer.transform (file:///D:/23cs170/Lab2/node_modules/vite/dist/node/chunks/config.js:28797:14)
      at async loadAndTransform (file:///D:/23cs170/Lab2/node_modules/vite/dist/node/chunks/config.js:22670:26)
1:08:45 pm [vite] (client) Pre-transform error: Failed to resolve import "prop-types" from "src/Footer.jsx". Does the file exist?
  Plugin: vite:import-analysis
  File: D:/23cs170/Lab2/src/Footer.jsx:1:22
  1  |  import { jsxDEV } from "react/jsx-dev-runtime";
  2  |  import PropTypes from "prop-types";
     |                         ^
  3  |  const Footer = ({ copyright }) => {
  4  |    return /* @__PURE__ */ jsxDEV("footer", { children: /* @__PURE__ */ jsxDEV("p", { children: copyright }, void 0, fa...
PS D:\23cs170> npm install prop-types                                   

added 5 packages in 677ms
PS D:\23cs170> cd Lab2                  
PS D:\23cs170\Lab2> npm run dev           

> lab2@0.0.0 dev
> vite


  VITE v7.3.1  ready in 232 ms

  âžœ  Local:   http://localhost:5173/
  âžœ  Network: use --host to expose
  âžœ  press h + enter to show help
1:09:55 pm [vite] (client) âœ¨ new dependencies optimized: prop-types
1:09:55 pm [vite] (client) âœ¨ optimized dependencies changed. reloading
PS D:\23cs170\Lab2> npx ntl init             

No git remote was found, would you like to set one up?

It is recommended that you initialize a project that has a remote repository in GitHub.

This will allow for Netlify Continuous deployment to build branch & PR previews.

For more details on Netlify CI check out the docs: http://bit.ly/2N0Jhy5

? Do you want to create a Netlify project without a git repository? Yes, create and deploy project manually
? Team: swashti-23cs170â€™s team
? Project name (leave blank for a random name; you can change it later): 

Project Created

Admin URL:  https://app.netlify.com/projects/astonishing-marigold-3ff58f
URL:        https://astonishing-marigold-3ff58f.netlify.app
Project ID: 2460dbd5-ce6a-42cc-92ee-3231218a8ef4

âœ” Linked to astonishing-marigold-3ff58f
"astonishing-marigold-3ff58f" project was created

? Do you want to configure build settings? We'll suggest settings for your project automatically Yes
We detected that you're using Vite. Below are recommended build settings.
For each setting, press Enter to accept the default or provide your own value.

? Your build command (hugo build/yarn run build/etc): npm run build 
? Directory to deploy (blank for current dir): dist
? No netlify.toml detected. Would you like to create one with these build settings? Yes

To deploy to this project, run npx netlify deploy.
PS D:\23cs170\Lab2> npx netlify deploy

Netlify Build
â”€â”€â”€â”€â”€â”€â”€â”€â”€â”€â”€â”€â”€â”€â”€â”€â”€â”€â”€â”€â”€â”€â”€â”€â”€â”€â”€â”€â”€â”€â”€â”€â”€â”€â”€â”€â”€â”€â”€â”€â”€â”€â”€â”€â”€â”€â”€â”€â”€â”€â”€â”€â”€â”€â”€â”€â”€â”€â”€â”€â”€â”€â”€â”€

â¯ Version
  @netlify/build 35.5.13

â¯ Flags
  accountId: 69819c576f954d8a0cde95ee
  deployId: 6981a6a50b8b0f6ca78abc35

â¯ Current directory
  D:\23cs170\Lab2

â¯ Config file
  D:\23cs170\netlify.toml

â¯ Context
  production

build.command from netlify.toml
â”€â”€â”€â”€â”€â”€â”€â”€â”€â”€â”€â”€â”€â”€â”€â”€â”€â”€â”€â”€â”€â”€â”€â”€â”€â”€â”€â”€â”€â”€â”€â”€â”€â”€â”€â”€â”€â”€â”€â”€â”€â”€â”€â”€â”€â”€â”€â”€â”€â”€â”€â”€â”€â”€â”€â”€â”€â”€â”€â”€â”€â”€â”€â”€

$ npm run build

> lab2@0.0.0 build
> vite build

vite v7.3.1 building client environment for production...
âœ“ 36 modules transformed.
dist/index.html                   0.45 kB â”‚ gzip:  0.29 kB
dist/assets/index-DQ3P1g1z.css    0.91 kB â”‚ gzip:  0.49 kB
dist/assets/index-BbPU9r1_.js   194.75 kB â”‚ gzip: 61.35 kB
âœ“ built in 595ms

(build.command completed in 1.1s)

Functions bundling
â”€â”€â”€â”€â”€â”€â”€â”€â”€â”€â”€â”€â”€â”€â”€â”€â”€â”€â”€â”€â”€â”€â”€â”€â”€â”€â”€â”€â”€â”€â”€â”€â”€â”€â”€â”€â”€â”€â”€â”€â”€â”€â”€â”€â”€â”€â”€â”€â”€â”€â”€â”€â”€â”€â”€â”€â”€â”€â”€â”€â”€â”€â”€â”€

The Netlify Functions setting targets a non-existing directory: netlify\functions

(Functions bundling completed in 1ms)

Deploying to Netlify
â”€â”€â”€â”€â”€â”€â”€â”€â”€â”€â”€â”€â”€â”€â”€â”€â”€â”€â”€â”€â”€â”€â”€â”€â”€â”€â”€â”€â”€â”€â”€â”€â”€â”€â”€â”€â”€â”€â”€â”€â”€â”€â”€â”€â”€â”€â”€â”€â”€â”€â”€â”€â”€â”€â”€â”€â”€â”€â”€â”€â”€â”€â”€â”€

Deploy path:        D:\23cs170\Lab2\dist
Functions path:     D:\23cs170\Lab2\netlify\functions
Configuration path: D:\23cs170\netlify.toml

Functions folder "D:\23cs170\Lab2\netlify\functions" specified but it doesn't exist! Will proceed without deploying functions
âœ” Finished uploading blobs to deploy store                                                                                                           
âœ” No cached functions were found
âœ” Finished hashing
âœ” CDN requesting 3 files
âœ” Finished uploading 3 assets
âœ” Deploy is live!

Netlify Build Complete
â”€â”€â”€â”€â”€â”€â”€â”€â”€â”€â”€â”€â”€â”€â”€â”€â”€â”€â”€â”€â”€â”€â”€â”€â”€â”€â”€â”€â”€â”€â”€â”€â”€â”€â”€â”€â”€â”€â”€â”€â”€â”€â”€â”€â”€â”€â”€â”€â”€â”€â”€â”€â”€â”€â”€â”€â”€â”€â”€â”€â”€â”€â”€â”€

(Netlify Build completed in 7.5s)

ðŸš€ Deploy complete
â”€â”€â”€â”€â”€â”€â”€â”€â”€â”€â”€â”€â”€â”€â”€â”€â”€â”€â”€â”€â”€â”€â”€â”€â”€â”€â”€â”€â”€â”€â”€â”€â”€â”€â”€â”€â”€â”€â”€â”€â”€â”€â”€â”€â”€â”€â”€â”€â”€â”€â”€â”€â”€â”€â”€â”€â”€â”€â”€â”€â”€â”€â”€â”€

   â•­â”€â”€â”€â”€â”€â”€â”€â”€â”€â”€â”€â”€â”€â”€â”€â”€â”€â”€â”€â”€â”€â”€â”€â”€â”€â”€â”€â”€â”€â”€â”€â”€â”€â”€ â¬¥  Draft deploy is live â¬¥â€‰ â”€â”€â”€â”€â”€â”€â”€â”€â”€â”€â”€â”€â”€â”€â”€â”€â”€â”€â”€â”€â”€â”€â”€â”€â”€â”€â”€â”€â”€â”€â”€â”€â”€â”€â”€â•®
   â”‚                                                                                                 â”‚
   â”‚   Deployed draft to https://6981a6a50b8b0f6ca78abc35--astonishing-marigold-3ff58f.netlify.app   â”‚
   â”‚                                                                                                 â”‚
   â•°â”€â”€â”€â”€â”€â”€â”€â”€â”€â”€â”€â”€â”€â”€â”€â”€â”€â”€â”€â”€â”€â”€â”€â”€â”€â”€â”€â”€â”€â”€â”€â”€â”€â”€â”€â”€â”€â”€â”€â”€â”€â”€â”€â”€â”€â”€â”€â”€â”€â”€â”€â”€â”€â”€â”€â”€â”€â”€â”€â”€â”€â”€â”€â”€â”€â”€â”€â”€â”€â”€â”€â”€â”€â”€â”€â”€â”€â”€â”€â”€â”€â”€â”€â”€â”€â”€â”€â”€â”€â”€â”€â”€â”€â”€â”€â”€â”€â•¯

Build logs:         https://app.netlify.com/projects/astonishing-marigold-3ff58f/deploys/6981a6a50b8b0f6ca78abc35
Function logs:      https://app.netlify.com/projects/astonishing-marigold-3ff58f/logs/functions?scope=deploy:6981a6a50b8b0f6ca78abc35
Edge function Logs: https://app.netlify.com/projects/astonishing-marigold-3ff58f/logs/edge-functions?scope=deployid:6981a6a50b8b0f6ca78abc35

If everything looks good on your draft URL, deploy it to your main project URL with the --prod flag:
netlify deploy --prod

PS D:\23cs170\Lab2> netlify deploy --prod
netlify : The term 'netlify' is not recognized as the name of a cmdlet, function, script file, or operable program. Check the spelling of the name, 
or if a path was included, verify that the path is correct and try again.
At line:1 char:1
+ netlify deploy --prod
+ ~~~~~~~
    + CategoryInfo          : ObjectNotFound: (netlify:String) [], CommandNotFoundException
    + FullyQualifiedErrorId : CommandNotFoundException

PS D:\23cs170\Lab2> npx netlify deploy --prod

Netlify Build
â”€â”€â”€â”€â”€â”€â”€â”€â”€â”€â”€â”€â”€â”€â”€â”€â”€â”€â”€â”€â”€â”€â”€â”€â”€â”€â”€â”€â”€â”€â”€â”€â”€â”€â”€â”€â”€â”€â”€â”€â”€â”€â”€â”€â”€â”€â”€â”€â”€â”€â”€â”€â”€â”€â”€â”€â”€â”€â”€â”€â”€â”€â”€â”€

â¯ Version
  @netlify/build 35.5.13

â¯ Flags
  accountId: 69819c576f954d8a0cde95ee
  deployId: 6981a6c2f4a3a99195751524

â¯ Current directory
  D:\23cs170\Lab2

â¯ Config file
  D:\23cs170\netlify.toml

â¯ Context
  production

build.command from netlify.toml
â”€â”€â”€â”€â”€â”€â”€â”€â”€â”€â”€â”€â”€â”€â”€â”€â”€â”€â”€â”€â”€â”€â”€â”€â”€â”€â”€â”€â”€â”€â”€â”€â”€â”€â”€â”€â”€â”€â”€â”€â”€â”€â”€â”€â”€â”€â”€â”€â”€â”€â”€â”€â”€â”€â”€â”€â”€â”€â”€â”€â”€â”€â”€â”€

$ npm run build

> lab2@0.0.0 build
> vite build

vite v7.3.1 building client environment for production...
âœ“ 36 modules transformed.
dist/index.html                   0.45 kB â”‚ gzip:  0.29 kB
dist/assets/index-DQ3P1g1z.css    0.91 kB â”‚ gzip:  0.49 kB
dist/assets/index-BbPU9r1_.js   194.75 kB â”‚ gzip: 61.35 kB
âœ“ built in 582ms

(build.command completed in 1.1s)

Functions bundling
â”€â”€â”€â”€â”€â”€â”€â”€â”€â”€â”€â”€â”€â”€â”€â”€â”€â”€â”€â”€â”€â”€â”€â”€â”€â”€â”€â”€â”€â”€â”€â”€â”€â”€â”€â”€â”€â”€â”€â”€â”€â”€â”€â”€â”€â”€â”€â”€â”€â”€â”€â”€â”€â”€â”€â”€â”€â”€â”€â”€â”€â”€â”€â”€

The Netlify Functions setting targets a non-existing directory: netlify\functions

(Functions bundling completed in 1ms)

Deploying to Netlify
â”€â”€â”€â”€â”€â”€â”€â”€â”€â”€â”€â”€â”€â”€â”€â”€â”€â”€â”€â”€â”€â”€â”€â”€â”€â”€â”€â”€â”€â”€â”€â”€â”€â”€â”€â”€â”€â”€â”€â”€â”€â”€â”€â”€â”€â”€â”€â”€â”€â”€â”€â”€â”€â”€â”€â”€â”€â”€â”€â”€â”€â”€â”€â”€

Deploy path:        D:\23cs170\Lab2\dist
Functions path:     D:\23cs170\Lab2\netlify\functions
Configuration path: D:\23cs170\netlify.toml

Functions folder "D:\23cs170\Lab2\netlify\functions" specified but it doesn't exist! Will proceed without deploying functions
âœ” Finished uploading blobs to deploy store                                                                                                           
âœ” No cached functions were found
âœ” Finished hashing
âœ” CDN requesting 0 files
âœ” Finished uploading 0 assets
âœ” Deploy is live!

Netlify Build Complete
â”€â”€â”€â”€â”€â”€â”€â”€â”€â”€â”€â”€â”€â”€â”€â”€â”€â”€â”€â”€â”€â”€â”€â”€â”€â”€â”€â”€â”€â”€â”€â”€â”€â”€â”€â”€â”€â”€â”€â”€â”€â”€â”€â”€â”€â”€â”€â”€â”€â”€â”€â”€â”€â”€â”€â”€â”€â”€â”€â”€â”€â”€â”€â”€

(Netlify Build completed in 5s)

ðŸš€ Deploy complete
â”€â”€â”€â”€â”€â”€â”€â”€â”€â”€â”€â”€â”€â”€â”€â”€â”€â”€â”€â”€â”€â”€â”€â”€â”€â”€â”€â”€â”€â”€â”€â”€â”€â”€â”€â”€â”€â”€â”€â”€â”€â”€â”€â”€â”€â”€â”€â”€â”€â”€â”€â”€â”€â”€â”€â”€â”€â”€â”€â”€â”€â”€â”€â”€

   â•­â”€â”€â”€â”€â”€â”€â”€â”€â”€â”€â”€â”€â”€â”€â”€â”€â”€â”€â”€â”€â”€â”€â”€â”€â”€â”€â”€â”€â”€â”€â”€â”€â”€â”€ â¬¥  Production deploy is live â¬¥â€‰ â”€â”€â”€â”€â”€â”€â”€â”€â”€â”€â”€â”€â”€â”€â”€â”€â”€â”€â”€â”€â”€â”€â”€â”€â”€â”€â”€â”€â”€â”€â”€â”€â”€â”€â”€â•®
   â”‚                                                                                                      â”‚
   â”‚             Deployed to production URL: https://astonishing-marigold-3ff58f.netlify.app              â”‚
   â”‚                                                                                                      â”‚
   â”‚       Unique deploy URL: https://6981a6c2f4a3a99195751524--astonishing-marigold-3ff58f.netlify.app   â”‚
   â”‚                                                                                                      â”‚
   â•°â”€â”€â”€â”€â”€â”€â”€â”€â”€â”€â”€â”€â”€â”€â”€â”€â”€â”€â”€â”€â”€â”€â”€â”€â”€â”€â”€â”€â”€â”€â”€â”€â”€â”€â”€â”€â”€â”€â”€â”€â”€â”€â”€â”€â”€â”€â”€â”€â”€â”€â”€â”€â”€â”€â”€â”€â”€â”€â”€â”€â”€â”€â”€â”€â”€â”€â”€â”€â”€â”€â”€â”€â”€â”€â”€â”€â”€â”€â”€â”€â”€â”€â”€â”€â”€â”€â”€â”€â”€â”€â”€â”€â”€â”€â”€â”€â”€â”€â”€â”€â”€â”€â•¯

Build logs:         https://app.netlify.com/projects/astonishing-marigold-3ff58f/deploys/6981a6c2f4a3a99195751524
Function logs:      https://app.netlify.com/projects/astonishing-marigold-3ff58f/logs/functions
Edge function Logs: https://app.netlify.com/projects/astonishing-marigold-3ff58f/logs/edge-functions
PS D:\23cs170\Lab2> 
